node.exe : PASS tests/strategy.test.js
At C:\Program Files\nodejs\npx.ps1:29 char:3
+   & $NODE_EXE $NPX_CLI_JS $args
+   ~~~~~~~~~~~~~~~~~~~~~~~~~~~~~
    + CategoryInfo          : NotSpecified: (PASS tests/strategy.test.js:St 
   ring) [], RemoteException
    + FullyQualifiedErrorId : NativeCommandError
 
  Strategy
    ΓêÜ should construct a new strategy object correctly (12 ms)
    ΓêÜ should evaluate a score based on number data and weights (1 ms)
    ΓêÜ should save a new strategy to localStorage (1 ms)
    ΓêÜ should update an existing strategy in localStorage (1 ms)
    ΓêÜ should load all strategies from localStorage
    ΓêÜ should delete a strategy by name from localStorage
    ΓêÜ should get a strategy by name from localStorage (1 ms)

PASS tests/utils.test.js
  getDigitalRoot
    ΓêÜ should return the correct digital root for a single-digit number 
(10 ms)
    ΓêÜ should return the correct digital root for a multi-digit number (1 
ms)
    ΓêÜ should return the correct digital root for a number that sums to a 
multi-digit number (1 ms)
    ΓêÜ should return the correct digital root for a large number (1 ms)

  console.log
    LotteryML module initialized successfully

      at Object.log (js/ml.js:348:13)

  console.log
    [MockWorker] postMessage called with: { type: 'predict', data: { draws: [ [Object] ] } }

      at MockWorker.log [as postMessage] (jest.setup.js:12:13)
          at Array.forEach (<anonymous>)

PASS tests/ml.test.js
  LotteryML
    calculateFrequency
      ΓêÜ should correctly calculate the frequency of numbers from draws (9 
ms)
      ΓêÜ should return an array of zeros if draws are empty (1 ms)
      ΓêÜ should handle draws with missing or null numbers property (2 ms)
    getFrequencyBasedPrediction
      ΓêÜ should return the top 10 numbers, sorted, based on frequency (1 
ms)
    getFallbackPrediction
      ΓêÜ should return a specific set of common numbers (1 ms)
    valueToNumbers
      ΓêÜ should convert a continuous value to a plausible set of discrete 
numbers (3 ms)

  console.log
    [MockWorker] triggering onmessage for ML worker

      at log (jest.setup.js:16:19)

  console.log
    [MockWorker] postMessage called with: { type: 'run', data: { draws: [ [Object] ], settings: {} } }

      at MockWorker.log [as postMessage] (jest.setup.js:12:13)

  console.error
    No Data: Please upload a CSV file with lottery data first.

    [0m [90m 278 |[39m     msg [33m=[39m [32m'Unknown error'[39m[33m;[39m
     [90m 279 |[39m   }
    [31m[1m>[22m[39m[90m 280 |[39m   console[33m.[39merror([32m`${title}:`[39m[33m,[39m error)[33m;[39m
     [90m     |[39m           [31m[1m^[22m[39m
     [90m 281 |[39m   alert([32m`${title}: ${msg}`[39m)[33m;[39m
     [90m 282 |[39m }
     [90m 283 |[39m[0m

      at error (js/ui.js:280:11)
      at showError (js/ui.js:71:50)
      at handler (js/state.js:23:43)
          at Array.forEach (<anonymous>)
      at PubSub.forEach (js/state.js:23:24)
      at Object.publish [as runAnalysis] (js/app.js:76:15)
      at runAnalysis (tests/app-worker-integration.test.js:20:11)
      at Object.<anonymous> (tests/app-worker-integration.test.js:16:29)

  console.error
    No Data: Please upload a CSV file with lottery data first.

    [0m [90m 20 |[39m       [90m// Also log error to console for visibility[39m
     [90m 21 |[39m       [36mif[39m (err [33m&&[39m err[33m.[39mtitle [33m&&[39m err[33m.[39mmessage) {
    [31m[1m>[22m[39m[90m 22 |[39m         console[33m.[39merror([32m`${err.title}: ${err.message}`[39m)[33m;[39m
     [90m    |[39m                 [31m[1m^[22m[39m
     [90m 23 |[39m       }
     [90m 24 |[39m     })[33m;[39m
     [90m 25 |[39m[0m

      at error (tests/app-pubsub.test.js:22:17)
      at handler (js/state.js:23:43)
          at Array.forEach (<anonymous>)
      at PubSub.forEach (js/state.js:23:24)
      at Object.publish [as runAnalysis] (js/app.js:76:15)
      at runAnalysis (tests/app-pubsub.test.js:33:51)

  console.error
    Error: Not implemented: window.alert
        at module.exports (C:\Users\mikeb\lottery-analysis-pro\node_modules\jsdom\lib\jsdom\browser\not-implemented.js:9:17)
        at C:\Users\mikeb\lottery-analysis-pro\node_modules\jsdom\lib\jsdom\browser\Window.js:960:7
        at alert (C:\Users\mikeb\lottery-analysis-pro\js\ui.js:281:3)
        at showError (C:\Users\mikeb\lottery-analysis-pro\js\ui.js:71:50)
        at handler (C:\Users\mikeb\lottery-analysis-pro\js\state.js:23:43)
        at Array.forEach (<anonymous>)
        at PubSub.forEach (C:\Users\mikeb\lottery-analysis-pro\js\state.js:23:24)
        at Object.publish [as runAnalysis] (C:\Users\mikeb\lottery-analysis-pro\js\app.js:76:15)
        at runAnalysis (C:\Users\mikeb\lottery-analysis-pro\tests\app-worker-integration.test.js:20:11)
        at new Promise (<anonymous>)
        at Object.<anonymous> (C:\Users\mikeb\lottery-analysis-pro\tests\app-worker-integration.test.js:16:29)
        at Promise.finally.completed (C:\Users\mikeb\lottery-analysis-pro\node_modules\jest-circus\build\jestAdapterInit.js:1556:28)
        at new Promise (<anonymous>)
        at callAsyncCircusFn (C:\Users\mikeb\lottery-analysis-pro\node_modules\jest-circus\build\jestAdapterInit.js:1496:10)
        at _callCircusTest (C:\Users\mikeb\lottery-analysis-pro\node_modules\jest-circus\build\jestAdapterInit.js:1006:40)
        at processTicksAndRejections (node:internal/process/task_queues:105:5)
        at _runTest (C:\Users\mikeb\lottery-analysis-pro\node_modules\jest-circus\build\jestAdapterInit.js:946:3)
        at _runTestsForDescribeBlock (C:\Users\mikeb\lottery-analysis-pro\node_modules\jest-circus\build\jestAdapterInit.js:839:13)
        at _runTestsForDescribeBlock (C:\Users\mikeb\lottery-analysis-pro\node_modules\jest-circus\build\jestAdapterInit.js:829:11)
        at run (C:\Users\mikeb\lottery-analysis-pro\node_modules\jest-circus\build\jestAdapterInit.js:757:3)
        at runAndTransformResultsToJestFormat (C:\Users\mikeb\lottery-analysis-pro\node_modules\jest-circus\build\jestAdapterInit.js:1917:21)
        at jestAdapter (C:\Users\mikeb\lottery-analysis-pro\node_modules\jest-circus\build\runner.js:101:19)
        at runTestInternal (C:\Users\mikeb\lottery-analysis-pro\node_modules\jest-runner\build\testWorker.js:275:16)
        at runTest (C:\Users\mikeb\lottery-analysis-pro\node_modules\jest-runner\build\testWorker.js:343:7)
        at Object.worker (C:\Users\mikeb\lottery-analysis-pro\node_modules\jest-runner\build\testWorker.js:497:12) {
      type: 'not implemented'
    }

    [0m [90m 279 |[39m   }
     [90m 280 |[39m   console[33m.[39merror([32m`${title}:`[39m[33m,[39m error)[33m;[39m
    [31m[1m>[22m[39m[90m 281 |[39m   alert([32m`${title}: ${msg}`[39m)[33m;[39m
     [90m     |[39m   [31m[1m^[22m[39m
     [90m 282 |[39m }
     [90m 283 |[39m[0m

      at VirtualConsole.<anonymous> (node_modules/@jest/environment-jsdom-abstract/build/index.js:78:23)
      at module.exports (node_modules/jsdom/lib/jsdom/browser/not-implemented.js:12:26)
      at node_modules/jsdom/lib/jsdom/browser/Window.js:960:7
      at alert (js/ui.js:281:3)
      at showError (js/ui.js:71:50)
      at handler (js/state.js:23:43)
          at Array.forEach (<anonymous>)
      at PubSub.forEach (js/state.js:23:24)
      at Object.publish [as runAnalysis] (js/app.js:76:15)
      at runAnalysis (tests/app-worker-integration.test.js:20:11)
      at Object.<anonymous> (tests/app-worker-integration.test.js:16:29)

PASS tests/state.test.js
  PubSub state module
    ΓêÜ subscribe and publish should call handler (9 ms)
    ΓêÜ unsubscribe should remove handler (1 ms)
    ΓêÜ multiple handlers for same event (1 ms)
    ΓêÜ clear(event) removes only that event (1 ms)
    ΓêÜ clear() removes all events

  console.error
    No Data: Please upload a CSV file with lottery data first.

    [0m [90m 278 |[39m     msg [33m=[39m [32m'Unknown error'[39m[33m;[39m
     [90m 279 |[39m   }
    [31m[1m>[22m[39m[90m 280 |[39m   console[33m.[39merror([32m`${title}:`[39m[33m,[39m error)[33m;[39m
     [90m     |[39m           [31m[1m^[22m[39m
     [90m 281 |[39m   alert([32m`${title}: ${msg}`[39m)[33m;[39m
     [90m 282 |[39m }
     [90m 283 |[39m[0m

      at error (js/ui.js:280:11)
      at showError (js/ui.js:71:50)
      at handler (js/state.js:23:43)
          at Array.forEach (<anonymous>)
      at PubSub.forEach (js/state.js:23:24)
      at Object.publish [as runAnalysis] (js/app.js:76:15)
      at runAnalysis (tests/app-pubsub.test.js:33:51)

  console.log
    [MockWorker] triggering onmessage for backtest worker

      at log (jest.setup.js:28:19)

  console.error
    Error: Not implemented: window.alert
        at module.exports (C:\Users\mikeb\lottery-analysis-pro\node_modules\jsdom\lib\jsdom\browser\not-implemented.js:9:17)
        at C:\Users\mikeb\lottery-analysis-pro\node_modules\jsdom\lib\jsdom\browser\Window.js:960:7
        at alert (C:\Users\mikeb\lottery-analysis-pro\js\ui.js:281:3)
        at showError (C:\Users\mikeb\lottery-analysis-pro\js\ui.js:71:50)
        at handler (C:\Users\mikeb\lottery-analysis-pro\js\state.js:23:43)
        at Array.forEach (<anonymous>)
        at PubSub.forEach (C:\Users\mikeb\lottery-analysis-pro\js\state.js:23:24)
        at Object.publish [as runAnalysis] (C:\Users\mikeb\lottery-analysis-pro\js\app.js:76:15)
        at runAnalysis (C:\Users\mikeb\lottery-analysis-pro\tests\app-pubsub.test.js:33:51)
        at processTicksAndRejections (node:internal/process/task_queues:105:5) {
      type: 'not implemented'
    }

    [0m [90m 279 |[39m   }
     [90m 280 |[39m   console[33m.[39merror([32m`${title}:`[39m[33m,[39m error)[33m;[39m
    [31m[1m>[22m[39m[90m 281 |[39m   alert([32m`${title}: ${msg}`[39m)[33m;[39m
     [90m     |[39m   [31m[1m^[22m[39m
     [90m 282 |[39m }
     [90m 283 |[39m[0m

      at VirtualConsole.<anonymous> (node_modules/@jest/environment-jsdom-abstract/build/index.js:78:23)
      at module.exports (node_modules/jsdom/lib/jsdom/browser/not-implemented.js:12:26)
      at node_modules/jsdom/lib/jsdom/browser/Window.js:960:7
      at alert (js/ui.js:281:3)
      at showError (js/ui.js:71:50)
      at handler (js/state.js:23:43)
          at Array.forEach (<anonymous>)
      at PubSub.forEach (js/state.js:23:24)
      at Object.publish [as runAnalysis] (js/app.js:76:15)
      at runAnalysis (tests/app-pubsub.test.js:33:51)

PASS tests/worker-wrapper.test.js
  Worker Wrapper Pub/Sub Integration
    ΓêÜ publishes ml:result event when ML worker responds (105 ms)
    ΓêÜ publishes backtest:result event when backtest worker responds (47 
ms)

PASS tests/app-pubsub.test.js
  App pub/sub event flows
    ΓêÜ runAnalysis publishes correct events in order or error if no data 
(166 ms)
    ΓêÜ runAnalysis with no draws publishes error (1 ms)
    ΓêÜ handleFileUpload publishes events for progress, error, and 
drawsUpdated (2 ms)

FAIL tests/app-worker-integration.test.js (11.63 s)
  App pub/sub worker integration
    ├ù runAnalysis publishes mlResults after ML worker result (5010 ms)
    ├ù runBacktest publishes backtestResults after worker result (5016 ms)

  ΓùÅ App pub/sub worker integration ΓÇ║ runAnalysis publishes mlResults 
after ML worker result

    thrown: "Exceeded timeout of 5000 ms for a test.
    Add a timeout value to this test to increase the timeout, if this is a 
long-running test. See https://jestjs.io/docs/api#testname-fn-timeout."

    [0m [90m  9 |[39m   })[33m;[39m
     [90m 10 |[39m
    [31m[1m>[22m[39m[90m 11 |[39m   test([32m'runAnalysis publishes 
mlResults after ML worker result'[39m[33m,[39m [36masync[39m () 
[33m=>[39m {
     [90m    |[39m   [31m[1m^[22m[39m
     [90m 12 |[39m     [90m// Mock energy calculation[39m
     [90m 13 |[39m     global[33m.[39mcalculateEnergy [33m=[39m () 
[33m=>[39m [{ number[33m:[39m [35m1[39m[33m,[39m energy[33m:[39m 
[35m1[39m }][33m;[39m
     [90m 14 |[39m     [90m// Provide draws[39m[0m

      at test (tests/app-worker-integration.test.js:11:3)
      at Object.describe (tests/app-worker-integration.test.js:6:1)

  ΓùÅ App pub/sub worker integration ΓÇ║ runBacktest publishes 
backtestResults after worker result

    thrown: "Exceeded timeout of 5000 ms for a test.
    Add a timeout value to this test to increase the timeout, if this is a 
long-running test. See https://jestjs.io/docs/api#testname-fn-timeout."

    [0m [90m 24 |[39m   })[33m;[39m
     [90m 25 |[39m
    [31m[1m>[22m[39m[90m 26 |[39m   test([32m'runBacktest publishes 
backtestResults after worker result'[39m[33m,[39m [36masync[39m () 
[33m=>[39m {
     [90m    |[39m   [31m[1m^[22m[39m
     [90m 27 |[39m     state[33m.[39mdraws [33m=[39m [{ 
whiteBalls[33m:[39m [[35m1[39m[33m,[39m[35m2[39m[33m,[39m[35m3[3
9m[33m,[39m[35m4[39m[33m,[39m[35m5[39m] }][33m;[39m
     [90m 28 |[39m     [36mconst[39m results [33m=[39m 
[36mawait[39m [36mnew[39m [33mPromise[39m((resolve) [33m=>[39m {
     [90m 29 |[39m       
state[33m.[39msubscribe([32m'backtestResults'[39m[33m,[39m (data) 
[33m=>[39m {[0m

      at test (tests/app-worker-integration.test.js:26:3)
      at Object.describe (tests/app-worker-integration.test.js:6:1)

Test Suites: 1 failed, 6 passed, 7 total
Tests:       2 failed, 27 passed, 29 total
Snapshots:   0 total
Time:        13.824 s
Ran all test suites.
